Radek
Zenek
Tomek
Michał
Test
